// Jest Snapshot v1, https://goo.gl/fbAQLP

exports[`NotificationModal.vue snapshot 1`] = `
<transition-stub name="modal">
  <!---->
</transition-stub>
`;
