// Jest Snapshot v1, https://goo.gl/fbAQLP

exports[`UserAccountListPage.vue snapshot 1`] = `
<div class="layout-wrapper">
  <div class="page-topbar bg-white">
    <router-link-stub to="/"><span><img src="@/assets/money-forward-logo.png" alt="" height="50"></span></router-link-stub>
  </div>
  <div class="h-100 container-fluid">
    <div class="row h-100">
      <div class="bg-warning py-5 px-4 d-none d-md-block col-3">
        <ul class="nav nav-pills flex-column"><button type="button" class="btn w-100 btn-dark">Account Search</button></ul>
      </div>
      <div class="p-5 col">
        <h1 class="user-name"></h1>
        <div class="table-responsive-sm">
          <table role="table" aria-busy="false" aria-colcount="3" class="table b-table table-striped table-sm">
            <!---->
            <!---->
            <thead role="rowgroup" class="">
              <!---->
              <tr role="row" class="">
                <th role="columnheader" scope="col" aria-colindex="1" class="">
                  <div>Account Id</div>
                </th>
                <th role="columnheader" scope="col" aria-colindex="2" class="">
                  <div>Name</div>
                </th>
                <th role="columnheader" scope="col" aria-colindex="3" class="">
                  <div>Balance</div>
                </th>
              </tr>
            </thead>
            <tbody role="rowgroup"></tbody>
            <!---->
          </table>
        </div>
        <div class="footer-area"><button type="button" class="btn btn-dark btn-md">Back</button></div>
      </div>
    </div>
  </div>
</div>
`;
